.\gradlew.bat : 
At line:1 char:1
+ .\gradlew.bat assembleDebug > 
build_output.txt 2>&1
+ ~~~~~~~~~~~~~~~~~~~~~~~~~~~~~~~~
~~~~~~~~~~~~~~~~~~~
    + CategoryInfo          : N   
 otSpecified: (:String) [],     
RemoteException
    + FullyQualifiedErrorId : N   
 ativeCommandError
 
FAILURE: Build failed with an 
exception.

* What went wrong:
25.0.1

* Try:
> Run with --stacktrace option to 
get the stack trace.
> Run with --info or --debug 
option to get more log output.
> Run with --scan to get full 
insights.
> Get more help at 
https://help.gradle.org.

BUILD FAILED in 1s
